[2025-09-07T10:52:30.687+0000] {local_task_job_runner.py:120} INFO - ::group::Pre task execution logs
[2025-09-07T10:52:30.813+0000] {taskinstance.py:2076} INFO - Dependencies all met for dep_context=non-requeueable deps ti=<TaskInstance: stock_pipeline_dag.fetch_task scheduled__2025-09-07T09:00:00+00:00 [queued]>
[2025-09-07T10:52:30.832+0000] {taskinstance.py:2076} INFO - Dependencies all met for dep_context=requeueable deps ti=<TaskInstance: stock_pipeline_dag.fetch_task scheduled__2025-09-07T09:00:00+00:00 [queued]>
[2025-09-07T10:52:30.833+0000] {taskinstance.py:2306} INFO - Starting attempt 1 of 2
[2025-09-07T10:52:30.871+0000] {taskinstance.py:2330} INFO - Executing <Task(PythonOperator): fetch_task> on 2025-09-07 09:00:00+00:00
[2025-09-07T10:52:30.881+0000] {standard_task_runner.py:63} INFO - Started process 287 to run task
[2025-09-07T10:52:30.887+0000] {standard_task_runner.py:90} INFO - Running: ['***', 'tasks', 'run', 'stock_pipeline_dag', 'fetch_task', 'scheduled__2025-09-07T09:00:00+00:00', '--job-id', '3', '--raw', '--subdir', 'DAGS_FOLDER/stock_pipeline_dag.py', '--cfg-path', '/tmp/tmpf937_k72']
[2025-09-07T10:52:30.892+0000] {standard_task_runner.py:91} INFO - Job 3: Subtask fetch_task
[2025-09-07T10:52:31.071+0000] {task_command.py:426} INFO - Running <TaskInstance: stock_pipeline_dag.fetch_task scheduled__2025-09-07T09:00:00+00:00 [running]> on host 1a6283c24aaa
[2025-09-07T10:52:31.726+0000] {taskinstance.py:2648} INFO - Exporting env vars: AIRFLOW_CTX_DAG_OWNER='***' AIRFLOW_CTX_DAG_ID='stock_pipeline_dag' AIRFLOW_CTX_TASK_ID='fetch_task' AIRFLOW_CTX_EXECUTION_DATE='2025-09-07T09:00:00+00:00' AIRFLOW_CTX_TRY_NUMBER='1' AIRFLOW_CTX_DAG_RUN_ID='scheduled__2025-09-07T09:00:00+00:00'
[2025-09-07T10:52:31.728+0000] {taskinstance.py:430} INFO - ::endgroup::
[2025-09-07T10:52:32.839+0000] {logging_mixin.py:188} INFO - Fetched IBM: 100 entries
[2025-09-07T10:52:34.357+0000] {logging_mixin.py:188} INFO - Fetched MSFT: 100 entries
[2025-09-07T10:52:35.199+0000] {logging_mixin.py:188} INFO - Fetched AAPL: 100 entries
[2025-09-07T10:52:35.279+0000] {python.py:237} INFO - Done. Returned value was: None
[2025-09-07T10:52:35.286+0000] {taskinstance.py:441} INFO - ::group::Post task execution logs
[2025-09-07T10:52:35.324+0000] {taskinstance.py:1206} INFO - Marking task as SUCCESS. dag_id=stock_pipeline_dag, task_id=fetch_task, run_id=scheduled__2025-09-07T09:00:00+00:00, execution_date=20250907T090000, start_date=20250907T105230, end_date=20250907T105235
[2025-09-07T10:52:35.423+0000] {local_task_job_runner.py:240} INFO - Task exited with return code 0
[2025-09-07T10:52:35.530+0000] {taskinstance.py:3503} INFO - 1 downstream tasks scheduled from follow-on schedule check
[2025-09-07T10:52:35.547+0000] {local_task_job_runner.py:222} INFO - ::endgroup::
