[2025-09-08T08:00:01.483+0000] {processor.py:161} INFO - Started process (PID=193) to work on /opt/airflow/dags/hello_dag.py
[2025-09-08T08:00:01.486+0000] {processor.py:830} INFO - Processing file /opt/airflow/dags/hello_dag.py for tasks to queue
[2025-09-08T08:00:01.495+0000] {logging_mixin.py:188} INFO - [2025-09-08T08:00:01.494+0000] {dagbag.py:545} INFO - Filling up the DagBag from /opt/airflow/dags/hello_dag.py
[2025-09-08T08:00:01.564+0000] {processor.py:840} INFO - DAG(s) 'hello_dag' retrieved from /opt/airflow/dags/hello_dag.py
[2025-09-08T08:00:02.178+0000] {logging_mixin.py:188} INFO - [2025-09-08T08:00:02.177+0000] {override.py:1829} INFO - Created Permission View: can delete on DAG:hello_dag
[2025-09-08T08:00:02.201+0000] {logging_mixin.py:188} INFO - [2025-09-08T08:00:02.201+0000] {override.py:1829} INFO - Created Permission View: can edit on DAG:hello_dag
[2025-09-08T08:00:02.219+0000] {logging_mixin.py:188} INFO - [2025-09-08T08:00:02.218+0000] {override.py:1829} INFO - Created Permission View: can read on DAG:hello_dag
[2025-09-08T08:00:02.220+0000] {logging_mixin.py:188} INFO - [2025-09-08T08:00:02.220+0000] {dag.py:3096} INFO - Sync 1 DAGs
[2025-09-08T08:00:02.241+0000] {logging_mixin.py:188} INFO - [2025-09-08T08:00:02.240+0000] {dag.py:3118} INFO - Creating ORM DAG for hello_dag
[2025-09-08T08:00:02.242+0000] {logging_mixin.py:188} INFO - [2025-09-08T08:00:02.242+0000] {dag.py:3954} INFO - Setting next_dagrun for hello_dag to None, run_after=None
[2025-09-08T08:00:02.286+0000] {processor.py:183} INFO - Processing /opt/airflow/dags/hello_dag.py took 0.824 seconds
[2025-09-08T08:00:32.796+0000] {processor.py:161} INFO - Started process (PID=212) to work on /opt/airflow/dags/hello_dag.py
[2025-09-08T08:00:32.798+0000] {processor.py:830} INFO - Processing file /opt/airflow/dags/hello_dag.py for tasks to queue
[2025-09-08T08:00:32.802+0000] {logging_mixin.py:188} INFO - [2025-09-08T08:00:32.801+0000] {dagbag.py:545} INFO - Filling up the DagBag from /opt/airflow/dags/hello_dag.py
[2025-09-08T08:00:32.845+0000] {processor.py:840} INFO - DAG(s) 'hello_dag' retrieved from /opt/airflow/dags/hello_dag.py
[2025-09-08T08:00:33.248+0000] {logging_mixin.py:188} INFO - [2025-09-08T08:00:33.248+0000] {dag.py:3096} INFO - Sync 1 DAGs
[2025-09-08T08:00:33.271+0000] {logging_mixin.py:188} INFO - [2025-09-08T08:00:33.270+0000] {dag.py:3954} INFO - Setting next_dagrun for hello_dag to None, run_after=None
[2025-09-08T08:00:33.315+0000] {processor.py:183} INFO - Processing /opt/airflow/dags/hello_dag.py took 0.536 seconds
[2025-09-08T08:01:04.000+0000] {processor.py:161} INFO - Started process (PID=238) to work on /opt/airflow/dags/hello_dag.py
[2025-09-08T08:01:04.006+0000] {processor.py:830} INFO - Processing file /opt/airflow/dags/hello_dag.py for tasks to queue
[2025-09-08T08:01:04.020+0000] {logging_mixin.py:188} INFO - [2025-09-08T08:01:04.018+0000] {dagbag.py:545} INFO - Filling up the DagBag from /opt/airflow/dags/hello_dag.py
[2025-09-08T08:01:04.123+0000] {processor.py:840} INFO - DAG(s) 'hello_dag' retrieved from /opt/airflow/dags/hello_dag.py
[2025-09-08T08:01:04.289+0000] {logging_mixin.py:188} INFO - [2025-09-08T08:01:04.288+0000] {dag.py:3096} INFO - Sync 1 DAGs
[2025-09-08T08:01:04.354+0000] {logging_mixin.py:188} INFO - [2025-09-08T08:01:04.353+0000] {dag.py:3954} INFO - Setting next_dagrun for hello_dag to None, run_after=None
[2025-09-08T08:01:04.410+0000] {processor.py:183} INFO - Processing /opt/airflow/dags/hello_dag.py took 0.448 seconds
[2025-09-08T08:01:35.097+0000] {processor.py:161} INFO - Started process (PID=248) to work on /opt/airflow/dags/hello_dag.py
[2025-09-08T08:01:35.102+0000] {processor.py:830} INFO - Processing file /opt/airflow/dags/hello_dag.py for tasks to queue
[2025-09-08T08:01:35.113+0000] {logging_mixin.py:188} INFO - [2025-09-08T08:01:35.111+0000] {dagbag.py:545} INFO - Filling up the DagBag from /opt/airflow/dags/hello_dag.py
[2025-09-08T08:01:35.212+0000] {processor.py:840} INFO - DAG(s) 'hello_dag' retrieved from /opt/airflow/dags/hello_dag.py
[2025-09-08T08:01:35.352+0000] {logging_mixin.py:188} INFO - [2025-09-08T08:01:35.351+0000] {dag.py:3096} INFO - Sync 1 DAGs
[2025-09-08T08:01:35.378+0000] {logging_mixin.py:188} INFO - [2025-09-08T08:01:35.378+0000] {dag.py:3954} INFO - Setting next_dagrun for hello_dag to None, run_after=None
[2025-09-08T08:01:35.420+0000] {processor.py:183} INFO - Processing /opt/airflow/dags/hello_dag.py took 0.357 seconds
[2025-09-08T08:02:06.151+0000] {processor.py:161} INFO - Started process (PID=258) to work on /opt/airflow/dags/hello_dag.py
[2025-09-08T08:02:06.154+0000] {processor.py:830} INFO - Processing file /opt/airflow/dags/hello_dag.py for tasks to queue
[2025-09-08T08:02:06.159+0000] {logging_mixin.py:188} INFO - [2025-09-08T08:02:06.158+0000] {dagbag.py:545} INFO - Filling up the DagBag from /opt/airflow/dags/hello_dag.py
[2025-09-08T08:02:06.223+0000] {processor.py:840} INFO - DAG(s) 'hello_dag' retrieved from /opt/airflow/dags/hello_dag.py
[2025-09-08T08:02:06.305+0000] {logging_mixin.py:188} INFO - [2025-09-08T08:02:06.304+0000] {dag.py:3096} INFO - Sync 1 DAGs
[2025-09-08T08:02:06.343+0000] {logging_mixin.py:188} INFO - [2025-09-08T08:02:06.343+0000] {dag.py:3954} INFO - Setting next_dagrun for hello_dag to None, run_after=None
[2025-09-08T08:02:06.388+0000] {processor.py:183} INFO - Processing /opt/airflow/dags/hello_dag.py took 0.256 seconds
[2025-09-08T08:02:37.060+0000] {processor.py:161} INFO - Started process (PID=268) to work on /opt/airflow/dags/hello_dag.py
[2025-09-08T08:02:37.065+0000] {processor.py:830} INFO - Processing file /opt/airflow/dags/hello_dag.py for tasks to queue
[2025-09-08T08:02:37.074+0000] {logging_mixin.py:188} INFO - [2025-09-08T08:02:37.072+0000] {dagbag.py:545} INFO - Filling up the DagBag from /opt/airflow/dags/hello_dag.py
[2025-09-08T08:02:37.198+0000] {processor.py:840} INFO - DAG(s) 'hello_dag' retrieved from /opt/airflow/dags/hello_dag.py
[2025-09-08T08:02:37.294+0000] {logging_mixin.py:188} INFO - [2025-09-08T08:02:37.294+0000] {dag.py:3096} INFO - Sync 1 DAGs
[2025-09-08T08:02:37.337+0000] {logging_mixin.py:188} INFO - [2025-09-08T08:02:37.337+0000] {dag.py:3954} INFO - Setting next_dagrun for hello_dag to None, run_after=None
[2025-09-08T08:02:37.391+0000] {processor.py:183} INFO - Processing /opt/airflow/dags/hello_dag.py took 0.357 seconds
[2025-09-08T08:03:08.189+0000] {processor.py:161} INFO - Started process (PID=279) to work on /opt/airflow/dags/hello_dag.py
[2025-09-08T08:03:08.195+0000] {processor.py:830} INFO - Processing file /opt/airflow/dags/hello_dag.py for tasks to queue
[2025-09-08T08:03:08.206+0000] {logging_mixin.py:188} INFO - [2025-09-08T08:03:08.205+0000] {dagbag.py:545} INFO - Filling up the DagBag from /opt/airflow/dags/hello_dag.py
[2025-09-08T08:03:08.307+0000] {processor.py:840} INFO - DAG(s) 'hello_dag' retrieved from /opt/airflow/dags/hello_dag.py
[2025-09-08T08:03:08.423+0000] {logging_mixin.py:188} INFO - [2025-09-08T08:03:08.422+0000] {dag.py:3096} INFO - Sync 1 DAGs
[2025-09-08T08:03:08.484+0000] {logging_mixin.py:188} INFO - [2025-09-08T08:03:08.483+0000] {dag.py:3954} INFO - Setting next_dagrun for hello_dag to None, run_after=None
[2025-09-08T08:03:08.546+0000] {processor.py:183} INFO - Processing /opt/airflow/dags/hello_dag.py took 0.390 seconds
[2025-09-08T08:03:39.182+0000] {processor.py:161} INFO - Started process (PID=289) to work on /opt/airflow/dags/hello_dag.py
[2025-09-08T08:03:39.185+0000] {processor.py:830} INFO - Processing file /opt/airflow/dags/hello_dag.py for tasks to queue
[2025-09-08T08:03:39.190+0000] {logging_mixin.py:188} INFO - [2025-09-08T08:03:39.189+0000] {dagbag.py:545} INFO - Filling up the DagBag from /opt/airflow/dags/hello_dag.py
[2025-09-08T08:03:39.239+0000] {processor.py:840} INFO - DAG(s) 'hello_dag' retrieved from /opt/airflow/dags/hello_dag.py
[2025-09-08T08:03:39.321+0000] {logging_mixin.py:188} INFO - [2025-09-08T08:03:39.320+0000] {dag.py:3096} INFO - Sync 1 DAGs
[2025-09-08T08:03:39.357+0000] {logging_mixin.py:188} INFO - [2025-09-08T08:03:39.356+0000] {dag.py:3954} INFO - Setting next_dagrun for hello_dag to None, run_after=None
[2025-09-08T08:03:39.416+0000] {processor.py:183} INFO - Processing /opt/airflow/dags/hello_dag.py took 0.251 seconds
[2025-09-08T08:17:42.873+0000] {processor.py:161} INFO - Started process (PID=299) to work on /opt/airflow/dags/hello_dag.py
[2025-09-08T08:17:42.876+0000] {processor.py:830} INFO - Processing file /opt/airflow/dags/hello_dag.py for tasks to queue
[2025-09-08T08:17:42.884+0000] {logging_mixin.py:188} INFO - [2025-09-08T08:17:42.883+0000] {dagbag.py:545} INFO - Filling up the DagBag from /opt/airflow/dags/hello_dag.py
[2025-09-08T08:17:42.946+0000] {processor.py:840} INFO - DAG(s) 'hello_dag' retrieved from /opt/airflow/dags/hello_dag.py
[2025-09-08T08:17:43.120+0000] {logging_mixin.py:188} INFO - [2025-09-08T08:17:43.119+0000] {dag.py:3096} INFO - Sync 1 DAGs
[2025-09-08T08:17:43.171+0000] {logging_mixin.py:188} INFO - [2025-09-08T08:17:43.170+0000] {dag.py:3954} INFO - Setting next_dagrun for hello_dag to None, run_after=None
[2025-09-08T08:17:43.284+0000] {processor.py:183} INFO - Processing /opt/airflow/dags/hello_dag.py took 0.431 seconds
[2025-09-08T12:40:16.728+0000] {processor.py:161} INFO - Started process (PID=193) to work on /opt/airflow/dags/hello_dag.py
[2025-09-08T12:40:16.731+0000] {processor.py:830} INFO - Processing file /opt/airflow/dags/hello_dag.py for tasks to queue
[2025-09-08T12:40:16.736+0000] {logging_mixin.py:188} INFO - [2025-09-08T12:40:16.735+0000] {dagbag.py:545} INFO - Filling up the DagBag from /opt/airflow/dags/hello_dag.py
[2025-09-08T12:40:16.791+0000] {processor.py:840} INFO - DAG(s) 'hello_dag' retrieved from /opt/airflow/dags/hello_dag.py
[2025-09-08T12:40:16.881+0000] {logging_mixin.py:188} INFO - [2025-09-08T12:40:16.880+0000] {dag.py:3096} INFO - Sync 1 DAGs
[2025-09-08T12:40:16.920+0000] {logging_mixin.py:188} INFO - [2025-09-08T12:40:16.919+0000] {dag.py:3954} INFO - Setting next_dagrun for hello_dag to None, run_after=None
[2025-09-08T12:40:17.268+0000] {processor.py:183} INFO - Processing /opt/airflow/dags/hello_dag.py took 0.553 seconds
[2025-09-08T12:40:47.642+0000] {processor.py:161} INFO - Started process (PID=224) to work on /opt/airflow/dags/hello_dag.py
[2025-09-08T12:40:47.644+0000] {processor.py:830} INFO - Processing file /opt/airflow/dags/hello_dag.py for tasks to queue
[2025-09-08T12:40:47.648+0000] {logging_mixin.py:188} INFO - [2025-09-08T12:40:47.647+0000] {dagbag.py:545} INFO - Filling up the DagBag from /opt/airflow/dags/hello_dag.py
[2025-09-08T12:40:47.670+0000] {processor.py:840} INFO - DAG(s) 'hello_dag' retrieved from /opt/airflow/dags/hello_dag.py
[2025-09-08T12:40:48.004+0000] {logging_mixin.py:188} INFO - [2025-09-08T12:40:48.004+0000] {dag.py:3096} INFO - Sync 1 DAGs
[2025-09-08T12:40:48.015+0000] {logging_mixin.py:188} INFO - [2025-09-08T12:40:48.015+0000] {dag.py:3954} INFO - Setting next_dagrun for hello_dag to None, run_after=None
[2025-09-08T12:40:48.046+0000] {processor.py:183} INFO - Processing /opt/airflow/dags/hello_dag.py took 0.412 seconds
[2025-09-08T12:41:18.552+0000] {processor.py:161} INFO - Started process (PID=238) to work on /opt/airflow/dags/hello_dag.py
[2025-09-08T12:41:18.553+0000] {processor.py:830} INFO - Processing file /opt/airflow/dags/hello_dag.py for tasks to queue
[2025-09-08T12:41:18.555+0000] {logging_mixin.py:188} INFO - [2025-09-08T12:41:18.554+0000] {dagbag.py:545} INFO - Filling up the DagBag from /opt/airflow/dags/hello_dag.py
[2025-09-08T12:41:18.572+0000] {processor.py:840} INFO - DAG(s) 'hello_dag' retrieved from /opt/airflow/dags/hello_dag.py
[2025-09-08T12:41:18.602+0000] {logging_mixin.py:188} INFO - [2025-09-08T12:41:18.602+0000] {dag.py:3096} INFO - Sync 1 DAGs
[2025-09-08T12:41:18.619+0000] {logging_mixin.py:188} INFO - [2025-09-08T12:41:18.618+0000] {dag.py:3954} INFO - Setting next_dagrun for hello_dag to None, run_after=None
[2025-09-08T12:41:18.646+0000] {processor.py:183} INFO - Processing /opt/airflow/dags/hello_dag.py took 0.100 seconds
[2025-09-08T12:41:48.946+0000] {processor.py:161} INFO - Started process (PID=248) to work on /opt/airflow/dags/hello_dag.py
[2025-09-08T12:41:48.946+0000] {processor.py:830} INFO - Processing file /opt/airflow/dags/hello_dag.py for tasks to queue
[2025-09-08T12:41:48.948+0000] {logging_mixin.py:188} INFO - [2025-09-08T12:41:48.948+0000] {dagbag.py:545} INFO - Filling up the DagBag from /opt/airflow/dags/hello_dag.py
[2025-09-08T12:41:48.965+0000] {processor.py:840} INFO - DAG(s) 'hello_dag' retrieved from /opt/airflow/dags/hello_dag.py
[2025-09-08T12:41:48.993+0000] {logging_mixin.py:188} INFO - [2025-09-08T12:41:48.993+0000] {dag.py:3096} INFO - Sync 1 DAGs
[2025-09-08T12:41:49.006+0000] {logging_mixin.py:188} INFO - [2025-09-08T12:41:49.006+0000] {dag.py:3954} INFO - Setting next_dagrun for hello_dag to None, run_after=None
[2025-09-08T12:41:49.033+0000] {processor.py:183} INFO - Processing /opt/airflow/dags/hello_dag.py took 0.093 seconds
[2025-09-08T12:42:19.540+0000] {processor.py:161} INFO - Started process (PID=258) to work on /opt/airflow/dags/hello_dag.py
[2025-09-08T12:42:19.541+0000] {processor.py:830} INFO - Processing file /opt/airflow/dags/hello_dag.py for tasks to queue
[2025-09-08T12:42:19.543+0000] {logging_mixin.py:188} INFO - [2025-09-08T12:42:19.542+0000] {dagbag.py:545} INFO - Filling up the DagBag from /opt/airflow/dags/hello_dag.py
[2025-09-08T12:42:19.559+0000] {processor.py:840} INFO - DAG(s) 'hello_dag' retrieved from /opt/airflow/dags/hello_dag.py
[2025-09-08T12:42:19.587+0000] {logging_mixin.py:188} INFO - [2025-09-08T12:42:19.587+0000] {dag.py:3096} INFO - Sync 1 DAGs
[2025-09-08T12:42:19.603+0000] {logging_mixin.py:188} INFO - [2025-09-08T12:42:19.603+0000] {dag.py:3954} INFO - Setting next_dagrun for hello_dag to None, run_after=None
[2025-09-08T12:42:19.632+0000] {processor.py:183} INFO - Processing /opt/airflow/dags/hello_dag.py took 0.097 seconds
[2025-09-08T12:42:50.023+0000] {processor.py:161} INFO - Started process (PID=268) to work on /opt/airflow/dags/hello_dag.py
[2025-09-08T12:42:50.024+0000] {processor.py:830} INFO - Processing file /opt/airflow/dags/hello_dag.py for tasks to queue
[2025-09-08T12:42:50.026+0000] {logging_mixin.py:188} INFO - [2025-09-08T12:42:50.026+0000] {dagbag.py:545} INFO - Filling up the DagBag from /opt/airflow/dags/hello_dag.py
[2025-09-08T12:42:50.048+0000] {processor.py:840} INFO - DAG(s) 'hello_dag' retrieved from /opt/airflow/dags/hello_dag.py
[2025-09-08T12:42:50.079+0000] {logging_mixin.py:188} INFO - [2025-09-08T12:42:50.079+0000] {dag.py:3096} INFO - Sync 1 DAGs
[2025-09-08T12:42:50.094+0000] {logging_mixin.py:188} INFO - [2025-09-08T12:42:50.094+0000] {dag.py:3954} INFO - Setting next_dagrun for hello_dag to None, run_after=None
[2025-09-08T12:42:50.126+0000] {processor.py:183} INFO - Processing /opt/airflow/dags/hello_dag.py took 0.109 seconds
[2025-09-08T12:43:20.510+0000] {processor.py:161} INFO - Started process (PID=278) to work on /opt/airflow/dags/hello_dag.py
[2025-09-08T12:43:20.511+0000] {processor.py:830} INFO - Processing file /opt/airflow/dags/hello_dag.py for tasks to queue
[2025-09-08T12:43:20.513+0000] {logging_mixin.py:188} INFO - [2025-09-08T12:43:20.513+0000] {dagbag.py:545} INFO - Filling up the DagBag from /opt/airflow/dags/hello_dag.py
[2025-09-08T12:43:20.532+0000] {processor.py:840} INFO - DAG(s) 'hello_dag' retrieved from /opt/airflow/dags/hello_dag.py
[2025-09-08T12:43:20.560+0000] {logging_mixin.py:188} INFO - [2025-09-08T12:43:20.560+0000] {dag.py:3096} INFO - Sync 1 DAGs
[2025-09-08T12:43:20.575+0000] {logging_mixin.py:188} INFO - [2025-09-08T12:43:20.575+0000] {dag.py:3954} INFO - Setting next_dagrun for hello_dag to None, run_after=None
[2025-09-08T12:43:20.599+0000] {processor.py:183} INFO - Processing /opt/airflow/dags/hello_dag.py took 0.097 seconds
[2025-09-08T12:43:50.952+0000] {processor.py:161} INFO - Started process (PID=290) to work on /opt/airflow/dags/hello_dag.py
[2025-09-08T12:43:50.953+0000] {processor.py:830} INFO - Processing file /opt/airflow/dags/hello_dag.py for tasks to queue
[2025-09-08T12:43:50.954+0000] {logging_mixin.py:188} INFO - [2025-09-08T12:43:50.954+0000] {dagbag.py:545} INFO - Filling up the DagBag from /opt/airflow/dags/hello_dag.py
[2025-09-08T12:43:50.976+0000] {processor.py:840} INFO - DAG(s) 'hello_dag' retrieved from /opt/airflow/dags/hello_dag.py
[2025-09-08T12:43:51.015+0000] {logging_mixin.py:188} INFO - [2025-09-08T12:43:51.015+0000] {dag.py:3096} INFO - Sync 1 DAGs
[2025-09-08T12:43:51.030+0000] {logging_mixin.py:188} INFO - [2025-09-08T12:43:51.030+0000] {dag.py:3954} INFO - Setting next_dagrun for hello_dag to None, run_after=None
[2025-09-08T12:43:51.056+0000] {processor.py:183} INFO - Processing /opt/airflow/dags/hello_dag.py took 0.111 seconds
[2025-09-08T12:44:21.442+0000] {processor.py:161} INFO - Started process (PID=300) to work on /opt/airflow/dags/hello_dag.py
[2025-09-08T12:44:21.442+0000] {processor.py:830} INFO - Processing file /opt/airflow/dags/hello_dag.py for tasks to queue
[2025-09-08T12:44:21.444+0000] {logging_mixin.py:188} INFO - [2025-09-08T12:44:21.444+0000] {dagbag.py:545} INFO - Filling up the DagBag from /opt/airflow/dags/hello_dag.py
[2025-09-08T12:44:21.460+0000] {processor.py:840} INFO - DAG(s) 'hello_dag' retrieved from /opt/airflow/dags/hello_dag.py
[2025-09-08T12:44:21.485+0000] {logging_mixin.py:188} INFO - [2025-09-08T12:44:21.485+0000] {dag.py:3096} INFO - Sync 1 DAGs
[2025-09-08T12:44:21.499+0000] {logging_mixin.py:188} INFO - [2025-09-08T12:44:21.499+0000] {dag.py:3954} INFO - Setting next_dagrun for hello_dag to None, run_after=None
[2025-09-08T12:44:21.527+0000] {processor.py:183} INFO - Processing /opt/airflow/dags/hello_dag.py took 0.091 seconds
[2025-09-08T12:44:51.811+0000] {processor.py:161} INFO - Started process (PID=310) to work on /opt/airflow/dags/hello_dag.py
[2025-09-08T12:44:51.812+0000] {processor.py:830} INFO - Processing file /opt/airflow/dags/hello_dag.py for tasks to queue
[2025-09-08T12:44:51.814+0000] {logging_mixin.py:188} INFO - [2025-09-08T12:44:51.814+0000] {dagbag.py:545} INFO - Filling up the DagBag from /opt/airflow/dags/hello_dag.py
[2025-09-08T12:44:51.832+0000] {processor.py:840} INFO - DAG(s) 'hello_dag' retrieved from /opt/airflow/dags/hello_dag.py
[2025-09-08T12:44:51.864+0000] {logging_mixin.py:188} INFO - [2025-09-08T12:44:51.864+0000] {dag.py:3096} INFO - Sync 1 DAGs
[2025-09-08T12:44:51.879+0000] {logging_mixin.py:188} INFO - [2025-09-08T12:44:51.879+0000] {dag.py:3954} INFO - Setting next_dagrun for hello_dag to None, run_after=None
[2025-09-08T12:44:51.908+0000] {processor.py:183} INFO - Processing /opt/airflow/dags/hello_dag.py took 0.104 seconds
[2025-09-08T12:45:22.328+0000] {processor.py:161} INFO - Started process (PID=320) to work on /opt/airflow/dags/hello_dag.py
[2025-09-08T12:45:22.329+0000] {processor.py:830} INFO - Processing file /opt/airflow/dags/hello_dag.py for tasks to queue
[2025-09-08T12:45:22.330+0000] {logging_mixin.py:188} INFO - [2025-09-08T12:45:22.330+0000] {dagbag.py:545} INFO - Filling up the DagBag from /opt/airflow/dags/hello_dag.py
[2025-09-08T12:45:22.348+0000] {processor.py:840} INFO - DAG(s) 'hello_dag' retrieved from /opt/airflow/dags/hello_dag.py
[2025-09-08T12:45:22.376+0000] {logging_mixin.py:188} INFO - [2025-09-08T12:45:22.376+0000] {dag.py:3096} INFO - Sync 1 DAGs
[2025-09-08T12:45:22.392+0000] {logging_mixin.py:188} INFO - [2025-09-08T12:45:22.392+0000] {dag.py:3954} INFO - Setting next_dagrun for hello_dag to None, run_after=None
[2025-09-08T12:45:22.419+0000] {processor.py:183} INFO - Processing /opt/airflow/dags/hello_dag.py took 0.097 seconds
[2025-09-08T12:45:52.865+0000] {processor.py:161} INFO - Started process (PID=335) to work on /opt/airflow/dags/hello_dag.py
[2025-09-08T12:45:52.866+0000] {processor.py:830} INFO - Processing file /opt/airflow/dags/hello_dag.py for tasks to queue
[2025-09-08T12:45:52.867+0000] {logging_mixin.py:188} INFO - [2025-09-08T12:45:52.867+0000] {dagbag.py:545} INFO - Filling up the DagBag from /opt/airflow/dags/hello_dag.py
[2025-09-08T12:45:52.885+0000] {processor.py:840} INFO - DAG(s) 'hello_dag' retrieved from /opt/airflow/dags/hello_dag.py
[2025-09-08T12:45:52.914+0000] {logging_mixin.py:188} INFO - [2025-09-08T12:45:52.914+0000] {dag.py:3096} INFO - Sync 1 DAGs
[2025-09-08T12:45:52.927+0000] {logging_mixin.py:188} INFO - [2025-09-08T12:45:52.927+0000] {dag.py:3954} INFO - Setting next_dagrun for hello_dag to None, run_after=None
[2025-09-08T12:45:52.951+0000] {processor.py:183} INFO - Processing /opt/airflow/dags/hello_dag.py took 0.092 seconds
[2025-09-08T12:46:25.900+0000] {processor.py:161} INFO - Started process (PID=193) to work on /opt/airflow/dags/hello_dag.py
[2025-09-08T12:46:25.901+0000] {processor.py:830} INFO - Processing file /opt/airflow/dags/hello_dag.py for tasks to queue
[2025-09-08T12:46:25.905+0000] {logging_mixin.py:188} INFO - [2025-09-08T12:46:25.905+0000] {dagbag.py:545} INFO - Filling up the DagBag from /opt/airflow/dags/hello_dag.py
[2025-09-08T12:46:25.929+0000] {processor.py:840} INFO - DAG(s) 'hello_dag' retrieved from /opt/airflow/dags/hello_dag.py
[2025-09-08T12:46:25.976+0000] {logging_mixin.py:188} INFO - [2025-09-08T12:46:25.976+0000] {dag.py:3096} INFO - Sync 1 DAGs
[2025-09-08T12:46:25.996+0000] {logging_mixin.py:188} INFO - [2025-09-08T12:46:25.996+0000] {dag.py:3954} INFO - Setting next_dagrun for hello_dag to None, run_after=None
[2025-09-08T12:46:26.029+0000] {processor.py:183} INFO - Processing /opt/airflow/dags/hello_dag.py took 0.138 seconds
[2025-09-08T12:46:56.393+0000] {processor.py:161} INFO - Started process (PID=228) to work on /opt/airflow/dags/hello_dag.py
[2025-09-08T12:46:56.394+0000] {processor.py:830} INFO - Processing file /opt/airflow/dags/hello_dag.py for tasks to queue
[2025-09-08T12:46:56.397+0000] {logging_mixin.py:188} INFO - [2025-09-08T12:46:56.396+0000] {dagbag.py:545} INFO - Filling up the DagBag from /opt/airflow/dags/hello_dag.py
[2025-09-08T12:46:56.417+0000] {processor.py:840} INFO - DAG(s) 'hello_dag' retrieved from /opt/airflow/dags/hello_dag.py
[2025-09-08T12:46:56.700+0000] {logging_mixin.py:188} INFO - [2025-09-08T12:46:56.700+0000] {dag.py:3096} INFO - Sync 1 DAGs
[2025-09-08T12:46:56.710+0000] {logging_mixin.py:188} INFO - [2025-09-08T12:46:56.710+0000] {dag.py:3954} INFO - Setting next_dagrun for hello_dag to None, run_after=None
[2025-09-08T12:46:56.733+0000] {processor.py:183} INFO - Processing /opt/airflow/dags/hello_dag.py took 0.347 seconds
[2025-09-08T12:47:27.259+0000] {processor.py:161} INFO - Started process (PID=238) to work on /opt/airflow/dags/hello_dag.py
[2025-09-08T12:47:27.260+0000] {processor.py:830} INFO - Processing file /opt/airflow/dags/hello_dag.py for tasks to queue
[2025-09-08T12:47:27.262+0000] {logging_mixin.py:188} INFO - [2025-09-08T12:47:27.261+0000] {dagbag.py:545} INFO - Filling up the DagBag from /opt/airflow/dags/hello_dag.py
[2025-09-08T12:47:27.281+0000] {processor.py:840} INFO - DAG(s) 'hello_dag' retrieved from /opt/airflow/dags/hello_dag.py
[2025-09-08T12:47:27.458+0000] {logging_mixin.py:188} INFO - [2025-09-08T12:47:27.458+0000] {dag.py:3096} INFO - Sync 1 DAGs
[2025-09-08T12:47:27.471+0000] {logging_mixin.py:188} INFO - [2025-09-08T12:47:27.470+0000] {dag.py:3954} INFO - Setting next_dagrun for hello_dag to None, run_after=None
[2025-09-08T12:47:27.496+0000] {processor.py:183} INFO - Processing /opt/airflow/dags/hello_dag.py took 0.241 seconds
[2025-09-08T12:47:57.990+0000] {processor.py:161} INFO - Started process (PID=248) to work on /opt/airflow/dags/hello_dag.py
[2025-09-08T12:47:57.991+0000] {processor.py:830} INFO - Processing file /opt/airflow/dags/hello_dag.py for tasks to queue
[2025-09-08T12:47:57.994+0000] {logging_mixin.py:188} INFO - [2025-09-08T12:47:57.993+0000] {dagbag.py:545} INFO - Filling up the DagBag from /opt/airflow/dags/hello_dag.py
[2025-09-08T12:47:58.011+0000] {processor.py:840} INFO - DAG(s) 'hello_dag' retrieved from /opt/airflow/dags/hello_dag.py
[2025-09-08T12:47:58.042+0000] {logging_mixin.py:188} INFO - [2025-09-08T12:47:58.042+0000] {dag.py:3096} INFO - Sync 1 DAGs
[2025-09-08T12:47:58.056+0000] {logging_mixin.py:188} INFO - [2025-09-08T12:47:58.056+0000] {dag.py:3954} INFO - Setting next_dagrun for hello_dag to None, run_after=None
[2025-09-08T12:47:58.084+0000] {processor.py:183} INFO - Processing /opt/airflow/dags/hello_dag.py took 0.103 seconds
[2025-09-08T12:48:28.392+0000] {processor.py:161} INFO - Started process (PID=259) to work on /opt/airflow/dags/hello_dag.py
[2025-09-08T12:48:28.393+0000] {processor.py:830} INFO - Processing file /opt/airflow/dags/hello_dag.py for tasks to queue
[2025-09-08T12:48:28.396+0000] {logging_mixin.py:188} INFO - [2025-09-08T12:48:28.396+0000] {dagbag.py:545} INFO - Filling up the DagBag from /opt/airflow/dags/hello_dag.py
[2025-09-08T12:48:28.417+0000] {processor.py:840} INFO - DAG(s) 'hello_dag' retrieved from /opt/airflow/dags/hello_dag.py
[2025-09-08T12:48:28.447+0000] {logging_mixin.py:188} INFO - [2025-09-08T12:48:28.447+0000] {dag.py:3096} INFO - Sync 1 DAGs
[2025-09-08T12:48:28.463+0000] {logging_mixin.py:188} INFO - [2025-09-08T12:48:28.463+0000] {dag.py:3954} INFO - Setting next_dagrun for hello_dag to None, run_after=None
[2025-09-08T12:48:28.489+0000] {processor.py:183} INFO - Processing /opt/airflow/dags/hello_dag.py took 0.107 seconds
[2025-09-08T12:48:58.926+0000] {processor.py:161} INFO - Started process (PID=269) to work on /opt/airflow/dags/hello_dag.py
[2025-09-08T12:48:58.926+0000] {processor.py:830} INFO - Processing file /opt/airflow/dags/hello_dag.py for tasks to queue
[2025-09-08T12:48:58.928+0000] {logging_mixin.py:188} INFO - [2025-09-08T12:48:58.928+0000] {dagbag.py:545} INFO - Filling up the DagBag from /opt/airflow/dags/hello_dag.py
[2025-09-08T12:48:58.945+0000] {processor.py:840} INFO - DAG(s) 'hello_dag' retrieved from /opt/airflow/dags/hello_dag.py
[2025-09-08T12:48:58.974+0000] {logging_mixin.py:188} INFO - [2025-09-08T12:48:58.973+0000] {dag.py:3096} INFO - Sync 1 DAGs
[2025-09-08T12:48:58.987+0000] {logging_mixin.py:188} INFO - [2025-09-08T12:48:58.987+0000] {dag.py:3954} INFO - Setting next_dagrun for hello_dag to None, run_after=None
[2025-09-08T12:48:59.013+0000] {processor.py:183} INFO - Processing /opt/airflow/dags/hello_dag.py took 0.093 seconds
[2025-09-08T12:49:29.471+0000] {processor.py:161} INFO - Started process (PID=279) to work on /opt/airflow/dags/hello_dag.py
[2025-09-08T12:49:29.472+0000] {processor.py:830} INFO - Processing file /opt/airflow/dags/hello_dag.py for tasks to queue
[2025-09-08T12:49:29.475+0000] {logging_mixin.py:188} INFO - [2025-09-08T12:49:29.474+0000] {dagbag.py:545} INFO - Filling up the DagBag from /opt/airflow/dags/hello_dag.py
[2025-09-08T12:49:29.492+0000] {processor.py:840} INFO - DAG(s) 'hello_dag' retrieved from /opt/airflow/dags/hello_dag.py
[2025-09-08T12:49:29.523+0000] {logging_mixin.py:188} INFO - [2025-09-08T12:49:29.523+0000] {dag.py:3096} INFO - Sync 1 DAGs
[2025-09-08T12:49:29.538+0000] {logging_mixin.py:188} INFO - [2025-09-08T12:49:29.538+0000] {dag.py:3954} INFO - Setting next_dagrun for hello_dag to None, run_after=None
[2025-09-08T12:49:29.567+0000] {processor.py:183} INFO - Processing /opt/airflow/dags/hello_dag.py took 0.103 seconds
[2025-09-08T12:49:59.920+0000] {processor.py:161} INFO - Started process (PID=289) to work on /opt/airflow/dags/hello_dag.py
[2025-09-08T12:49:59.920+0000] {processor.py:830} INFO - Processing file /opt/airflow/dags/hello_dag.py for tasks to queue
[2025-09-08T12:49:59.922+0000] {logging_mixin.py:188} INFO - [2025-09-08T12:49:59.922+0000] {dagbag.py:545} INFO - Filling up the DagBag from /opt/airflow/dags/hello_dag.py
[2025-09-08T12:49:59.939+0000] {processor.py:840} INFO - DAG(s) 'hello_dag' retrieved from /opt/airflow/dags/hello_dag.py
[2025-09-08T12:49:59.965+0000] {logging_mixin.py:188} INFO - [2025-09-08T12:49:59.965+0000] {dag.py:3096} INFO - Sync 1 DAGs
[2025-09-08T12:49:59.977+0000] {logging_mixin.py:188} INFO - [2025-09-08T12:49:59.977+0000] {dag.py:3954} INFO - Setting next_dagrun for hello_dag to None, run_after=None
[2025-09-08T12:50:00.007+0000] {processor.py:183} INFO - Processing /opt/airflow/dags/hello_dag.py took 0.093 seconds
[2025-09-08T12:50:30.433+0000] {processor.py:161} INFO - Started process (PID=299) to work on /opt/airflow/dags/hello_dag.py
[2025-09-08T12:50:30.434+0000] {processor.py:830} INFO - Processing file /opt/airflow/dags/hello_dag.py for tasks to queue
[2025-09-08T12:50:30.437+0000] {logging_mixin.py:188} INFO - [2025-09-08T12:50:30.436+0000] {dagbag.py:545} INFO - Filling up the DagBag from /opt/airflow/dags/hello_dag.py
[2025-09-08T12:50:30.454+0000] {processor.py:840} INFO - DAG(s) 'hello_dag' retrieved from /opt/airflow/dags/hello_dag.py
[2025-09-08T12:50:30.488+0000] {logging_mixin.py:188} INFO - [2025-09-08T12:50:30.487+0000] {dag.py:3096} INFO - Sync 1 DAGs
[2025-09-08T12:50:30.503+0000] {logging_mixin.py:188} INFO - [2025-09-08T12:50:30.503+0000] {dag.py:3954} INFO - Setting next_dagrun for hello_dag to None, run_after=None
[2025-09-08T12:50:30.532+0000] {processor.py:183} INFO - Processing /opt/airflow/dags/hello_dag.py took 0.105 seconds
[2025-09-08T12:51:00.925+0000] {processor.py:161} INFO - Started process (PID=309) to work on /opt/airflow/dags/hello_dag.py
[2025-09-08T12:51:00.926+0000] {processor.py:830} INFO - Processing file /opt/airflow/dags/hello_dag.py for tasks to queue
[2025-09-08T12:51:00.928+0000] {logging_mixin.py:188} INFO - [2025-09-08T12:51:00.927+0000] {dagbag.py:545} INFO - Filling up the DagBag from /opt/airflow/dags/hello_dag.py
[2025-09-08T12:51:00.945+0000] {processor.py:840} INFO - DAG(s) 'hello_dag' retrieved from /opt/airflow/dags/hello_dag.py
[2025-09-08T12:51:00.973+0000] {logging_mixin.py:188} INFO - [2025-09-08T12:51:00.973+0000] {dag.py:3096} INFO - Sync 1 DAGs
[2025-09-08T12:51:00.986+0000] {logging_mixin.py:188} INFO - [2025-09-08T12:51:00.986+0000] {dag.py:3954} INFO - Setting next_dagrun for hello_dag to None, run_after=None
[2025-09-08T12:51:01.017+0000] {processor.py:183} INFO - Processing /opt/airflow/dags/hello_dag.py took 0.098 seconds
[2025-09-08T12:51:31.624+0000] {processor.py:161} INFO - Started process (PID=319) to work on /opt/airflow/dags/hello_dag.py
[2025-09-08T12:51:31.625+0000] {processor.py:830} INFO - Processing file /opt/airflow/dags/hello_dag.py for tasks to queue
[2025-09-08T12:51:31.627+0000] {logging_mixin.py:188} INFO - [2025-09-08T12:51:31.627+0000] {dagbag.py:545} INFO - Filling up the DagBag from /opt/airflow/dags/hello_dag.py
[2025-09-08T12:51:31.648+0000] {processor.py:840} INFO - DAG(s) 'hello_dag' retrieved from /opt/airflow/dags/hello_dag.py
[2025-09-08T12:51:31.685+0000] {logging_mixin.py:188} INFO - [2025-09-08T12:51:31.685+0000] {dag.py:3096} INFO - Sync 1 DAGs
[2025-09-08T12:51:31.701+0000] {logging_mixin.py:188} INFO - [2025-09-08T12:51:31.700+0000] {dag.py:3954} INFO - Setting next_dagrun for hello_dag to None, run_after=None
[2025-09-08T12:51:31.732+0000] {processor.py:183} INFO - Processing /opt/airflow/dags/hello_dag.py took 0.114 seconds
[2025-09-08T12:52:02.166+0000] {processor.py:161} INFO - Started process (PID=330) to work on /opt/airflow/dags/hello_dag.py
[2025-09-08T12:52:02.167+0000] {processor.py:830} INFO - Processing file /opt/airflow/dags/hello_dag.py for tasks to queue
[2025-09-08T12:52:02.169+0000] {logging_mixin.py:188} INFO - [2025-09-08T12:52:02.169+0000] {dagbag.py:545} INFO - Filling up the DagBag from /opt/airflow/dags/hello_dag.py
[2025-09-08T12:52:02.187+0000] {processor.py:840} INFO - DAG(s) 'hello_dag' retrieved from /opt/airflow/dags/hello_dag.py
[2025-09-08T12:52:02.215+0000] {logging_mixin.py:188} INFO - [2025-09-08T12:52:02.214+0000] {dag.py:3096} INFO - Sync 1 DAGs
[2025-09-08T12:52:02.230+0000] {logging_mixin.py:188} INFO - [2025-09-08T12:52:02.230+0000] {dag.py:3954} INFO - Setting next_dagrun for hello_dag to None, run_after=None
[2025-09-08T12:52:02.259+0000] {processor.py:183} INFO - Processing /opt/airflow/dags/hello_dag.py took 0.100 seconds
[2025-09-08T12:52:32.764+0000] {processor.py:161} INFO - Started process (PID=340) to work on /opt/airflow/dags/hello_dag.py
[2025-09-08T12:52:32.765+0000] {processor.py:830} INFO - Processing file /opt/airflow/dags/hello_dag.py for tasks to queue
[2025-09-08T12:52:32.769+0000] {logging_mixin.py:188} INFO - [2025-09-08T12:52:32.769+0000] {dagbag.py:545} INFO - Filling up the DagBag from /opt/airflow/dags/hello_dag.py
[2025-09-08T12:52:32.820+0000] {processor.py:840} INFO - DAG(s) 'hello_dag' retrieved from /opt/airflow/dags/hello_dag.py
[2025-09-08T12:52:32.855+0000] {logging_mixin.py:188} INFO - [2025-09-08T12:52:32.855+0000] {dag.py:3096} INFO - Sync 1 DAGs
[2025-09-08T12:52:32.872+0000] {logging_mixin.py:188} INFO - [2025-09-08T12:52:32.872+0000] {dag.py:3954} INFO - Setting next_dagrun for hello_dag to None, run_after=None
[2025-09-08T12:52:32.903+0000] {processor.py:183} INFO - Processing /opt/airflow/dags/hello_dag.py took 0.155 seconds
[2025-09-08T13:01:20.122+0000] {processor.py:161} INFO - Started process (PID=167) to work on /opt/airflow/dags/hello_dag.py
[2025-09-08T13:01:20.124+0000] {processor.py:830} INFO - Processing file /opt/airflow/dags/hello_dag.py for tasks to queue
[2025-09-08T13:01:20.129+0000] {logging_mixin.py:188} INFO - [2025-09-08T13:01:20.128+0000] {dagbag.py:545} INFO - Filling up the DagBag from /opt/airflow/dags/hello_dag.py
[2025-09-08T13:01:20.172+0000] {processor.py:840} INFO - DAG(s) 'hello_dag' retrieved from /opt/airflow/dags/hello_dag.py
[2025-09-08T13:01:20.989+0000] {logging_mixin.py:188} INFO - [2025-09-08T13:01:20.988+0000] {override.py:1829} INFO - Created Permission View: can delete on DAG:hello_dag
[2025-09-08T13:01:21.012+0000] {logging_mixin.py:188} INFO - [2025-09-08T13:01:21.012+0000] {override.py:1829} INFO - Created Permission View: can edit on DAG:hello_dag
[2025-09-08T13:01:21.026+0000] {logging_mixin.py:188} INFO - [2025-09-08T13:01:21.025+0000] {override.py:1829} INFO - Created Permission View: can read on DAG:hello_dag
[2025-09-08T13:01:21.027+0000] {logging_mixin.py:188} INFO - [2025-09-08T13:01:21.027+0000] {dag.py:3096} INFO - Sync 1 DAGs
[2025-09-08T13:01:21.045+0000] {logging_mixin.py:188} INFO - [2025-09-08T13:01:21.044+0000] {dag.py:3118} INFO - Creating ORM DAG for hello_dag
[2025-09-08T13:01:21.046+0000] {logging_mixin.py:188} INFO - [2025-09-08T13:01:21.046+0000] {dag.py:3954} INFO - Setting next_dagrun for hello_dag to None, run_after=None
[2025-09-08T13:01:21.088+0000] {processor.py:183} INFO - Processing /opt/airflow/dags/hello_dag.py took 0.978 seconds
[2025-09-08T13:01:51.467+0000] {processor.py:161} INFO - Started process (PID=177) to work on /opt/airflow/dags/hello_dag.py
[2025-09-08T13:01:51.469+0000] {processor.py:830} INFO - Processing file /opt/airflow/dags/hello_dag.py for tasks to queue
[2025-09-08T13:01:51.471+0000] {logging_mixin.py:188} INFO - [2025-09-08T13:01:51.471+0000] {dagbag.py:545} INFO - Filling up the DagBag from /opt/airflow/dags/hello_dag.py
[2025-09-08T13:01:51.493+0000] {processor.py:840} INFO - DAG(s) 'hello_dag' retrieved from /opt/airflow/dags/hello_dag.py
[2025-09-08T13:01:51.686+0000] {logging_mixin.py:188} INFO - [2025-09-08T13:01:51.686+0000] {dag.py:3096} INFO - Sync 1 DAGs
[2025-09-08T13:01:51.698+0000] {logging_mixin.py:188} INFO - [2025-09-08T13:01:51.698+0000] {dag.py:3954} INFO - Setting next_dagrun for hello_dag to None, run_after=None
[2025-09-08T13:01:51.723+0000] {processor.py:183} INFO - Processing /opt/airflow/dags/hello_dag.py took 0.262 seconds
[2025-09-08T13:02:22.150+0000] {processor.py:161} INFO - Started process (PID=187) to work on /opt/airflow/dags/hello_dag.py
[2025-09-08T13:02:22.152+0000] {processor.py:830} INFO - Processing file /opt/airflow/dags/hello_dag.py for tasks to queue
[2025-09-08T13:02:22.154+0000] {logging_mixin.py:188} INFO - [2025-09-08T13:02:22.154+0000] {dagbag.py:545} INFO - Filling up the DagBag from /opt/airflow/dags/hello_dag.py
[2025-09-08T13:02:22.173+0000] {processor.py:840} INFO - DAG(s) 'hello_dag' retrieved from /opt/airflow/dags/hello_dag.py
[2025-09-08T13:02:22.206+0000] {logging_mixin.py:188} INFO - [2025-09-08T13:02:22.206+0000] {dag.py:3096} INFO - Sync 1 DAGs
[2025-09-08T13:02:22.221+0000] {logging_mixin.py:188} INFO - [2025-09-08T13:02:22.220+0000] {dag.py:3954} INFO - Setting next_dagrun for hello_dag to None, run_after=None
[2025-09-08T13:02:22.249+0000] {processor.py:183} INFO - Processing /opt/airflow/dags/hello_dag.py took 0.105 seconds
