[2025-09-08T05:02:43.357+0000] {local_task_job_runner.py:120} INFO - ::group::Pre task execution logs
[2025-09-08T05:02:43.453+0000] {taskinstance.py:2076} INFO - Dependencies all met for dep_context=non-requeueable deps ti=<TaskInstance: stock_data_pipeline.fetch_and_store_task scheduled__2025-09-08T04:50:00+00:00 [queued]>
[2025-09-08T05:02:43.473+0000] {taskinstance.py:2076} INFO - Dependencies all met for dep_context=requeueable deps ti=<TaskInstance: stock_data_pipeline.fetch_and_store_task scheduled__2025-09-08T04:50:00+00:00 [queued]>
[2025-09-08T05:02:43.475+0000] {taskinstance.py:2306} INFO - Starting attempt 2 of 3
[2025-09-08T05:02:43.518+0000] {taskinstance.py:2330} INFO - Executing <Task(PythonOperator): fetch_and_store_task> on 2025-09-08 04:50:00+00:00
[2025-09-08T05:02:43.529+0000] {standard_task_runner.py:63} INFO - Started process 231 to run task
[2025-09-08T05:02:43.537+0000] {standard_task_runner.py:90} INFO - Running: ['***', 'tasks', 'run', 'stock_data_pipeline', 'fetch_and_store_task', 'scheduled__2025-09-08T04:50:00+00:00', '--job-id', '5', '--raw', '--subdir', 'DAGS_FOLDER/stock_pipeline_dag.py', '--cfg-path', '/tmp/tmp4oagip7i']
[2025-09-08T05:02:43.546+0000] {standard_task_runner.py:91} INFO - Job 5: Subtask fetch_and_store_task
[2025-09-08T05:02:43.669+0000] {task_command.py:426} INFO - Running <TaskInstance: stock_data_pipeline.fetch_and_store_task scheduled__2025-09-08T04:50:00+00:00 [running]> on host fb70d2f21339
[2025-09-08T05:02:44.238+0000] {taskinstance.py:2648} INFO - Exporting env vars: AIRFLOW_CTX_DAG_OWNER='***' AIRFLOW_CTX_DAG_ID='stock_data_pipeline' AIRFLOW_CTX_TASK_ID='fetch_and_store_task' AIRFLOW_CTX_EXECUTION_DATE='2025-09-08T04:50:00+00:00' AIRFLOW_CTX_TRY_NUMBER='2' AIRFLOW_CTX_DAG_RUN_ID='scheduled__2025-09-08T04:50:00+00:00'
[2025-09-08T05:02:44.240+0000] {taskinstance.py:430} INFO - ::endgroup::
[2025-09-08T05:02:44.270+0000] {stock_pipeline_dag.py:15} INFO - Fetching stock data from API...
[2025-09-08T05:02:44.285+0000] {stock_pipeline_dag.py:21} INFO - Connecting to Postgres...
[2025-09-08T05:02:44.352+0000] {stock_pipeline_dag.py:70} ERROR - Error in fetch_and_store: duplicate key value violates unique constraint "pg_type_typname_nsp_index"
DETAIL:  Key (typname, typnamespace)=(stock_prices, 2200) already exists.

[2025-09-08T05:02:44.353+0000] {taskinstance.py:441} INFO - ::group::Post task execution logs
[2025-09-08T05:02:44.355+0000] {taskinstance.py:2905} ERROR - Task failed with exception
Traceback (most recent call last):
  File "/home/airflow/.local/lib/python3.11/site-packages/airflow/models/taskinstance.py", line 465, in _execute_task
    result = _execute_callable(context=context, **execute_callable_kwargs)
             ^^^^^^^^^^^^^^^^^^^^^^^^^^^^^^^^^^^^^^^^^^^^^^^^^^^^^^^^^^^^^
  File "/home/airflow/.local/lib/python3.11/site-packages/airflow/models/taskinstance.py", line 432, in _execute_callable
    return execute_callable(context=context, **execute_callable_kwargs)
           ^^^^^^^^^^^^^^^^^^^^^^^^^^^^^^^^^^^^^^^^^^^^^^^^^^^^^^^^^^^^
  File "/home/airflow/.local/lib/python3.11/site-packages/airflow/models/baseoperator.py", line 401, in wrapper
    return func(self, *args, **kwargs)
           ^^^^^^^^^^^^^^^^^^^^^^^^^^^
  File "/home/airflow/.local/lib/python3.11/site-packages/airflow/operators/python.py", line 235, in execute
    return_value = self.execute_callable()
                   ^^^^^^^^^^^^^^^^^^^^^^^
  File "/home/airflow/.local/lib/python3.11/site-packages/airflow/operators/python.py", line 252, in execute_callable
    return self.python_callable(*self.op_args, **self.op_kwargs)
           ^^^^^^^^^^^^^^^^^^^^^^^^^^^^^^^^^^^^^^^^^^^^^^^^^^^^^
  File "/opt/airflow/dags/stock_pipeline_dag.py", line 32, in fetch_and_store
    cur.execute("""
psycopg2.errors.UniqueViolation: duplicate key value violates unique constraint "pg_type_typname_nsp_index"
DETAIL:  Key (typname, typnamespace)=(stock_prices, 2200) already exists.

[2025-09-08T05:02:44.390+0000] {taskinstance.py:1206} INFO - Marking task as UP_FOR_RETRY. dag_id=stock_data_pipeline, task_id=fetch_and_store_task, run_id=scheduled__2025-09-08T04:50:00+00:00, execution_date=20250908T045000, start_date=20250908T050243, end_date=20250908T050244
[2025-09-08T05:02:44.436+0000] {standard_task_runner.py:110} ERROR - Failed to execute job 5 for task fetch_and_store_task (duplicate key value violates unique constraint "pg_type_typname_nsp_index"
DETAIL:  Key (typname, typnamespace)=(stock_prices, 2200) already exists.
; 231)
[2025-09-08T05:02:44.478+0000] {local_task_job_runner.py:240} INFO - Task exited with return code 1
[2025-09-08T05:02:44.516+0000] {taskinstance.py:3503} INFO - 0 downstream tasks scheduled from follow-on schedule check
[2025-09-08T05:02:44.523+0000] {local_task_job_runner.py:222} INFO - ::endgroup::
