[2025-09-08T05:02:43.348+0000] {local_task_job_runner.py:120} INFO - ::group::Pre task execution logs
[2025-09-08T05:02:43.445+0000] {taskinstance.py:2076} INFO - Dependencies all met for dep_context=non-requeueable deps ti=<TaskInstance: stock_data_pipeline.fetch_and_store_task scheduled__2025-09-08T04:55:00+00:00 [queued]>
[2025-09-08T05:02:43.464+0000] {taskinstance.py:2076} INFO - Dependencies all met for dep_context=requeueable deps ti=<TaskInstance: stock_data_pipeline.fetch_and_store_task scheduled__2025-09-08T04:55:00+00:00 [queued]>
[2025-09-08T05:02:43.466+0000] {taskinstance.py:2306} INFO - Starting attempt 2 of 3
[2025-09-08T05:02:43.500+0000] {taskinstance.py:2330} INFO - Executing <Task(PythonOperator): fetch_and_store_task> on 2025-09-08 04:55:00+00:00
[2025-09-08T05:02:43.511+0000] {standard_task_runner.py:63} INFO - Started process 230 to run task
[2025-09-08T05:02:43.521+0000] {standard_task_runner.py:90} INFO - Running: ['***', 'tasks', 'run', 'stock_data_pipeline', 'fetch_and_store_task', 'scheduled__2025-09-08T04:55:00+00:00', '--job-id', '4', '--raw', '--subdir', 'DAGS_FOLDER/stock_pipeline_dag.py', '--cfg-path', '/tmp/tmprolg_k08']
[2025-09-08T05:02:43.531+0000] {standard_task_runner.py:91} INFO - Job 4: Subtask fetch_and_store_task
[2025-09-08T05:02:43.662+0000] {task_command.py:426} INFO - Running <TaskInstance: stock_data_pipeline.fetch_and_store_task scheduled__2025-09-08T04:55:00+00:00 [running]> on host fb70d2f21339
[2025-09-08T05:02:44.216+0000] {taskinstance.py:2648} INFO - Exporting env vars: AIRFLOW_CTX_DAG_OWNER='***' AIRFLOW_CTX_DAG_ID='stock_data_pipeline' AIRFLOW_CTX_TASK_ID='fetch_and_store_task' AIRFLOW_CTX_EXECUTION_DATE='2025-09-08T04:55:00+00:00' AIRFLOW_CTX_TRY_NUMBER='2' AIRFLOW_CTX_DAG_RUN_ID='scheduled__2025-09-08T04:55:00+00:00'
[2025-09-08T05:02:44.219+0000] {taskinstance.py:430} INFO - ::endgroup::
[2025-09-08T05:02:44.249+0000] {stock_pipeline_dag.py:15} INFO - Fetching stock data from API...
[2025-09-08T05:02:44.266+0000] {stock_pipeline_dag.py:21} INFO - Connecting to Postgres...
[2025-09-08T05:02:44.322+0000] {stock_pipeline_dag.py:46} INFO - Inserting 15 records into stock_prices...
[2025-09-08T05:02:44.351+0000] {stock_pipeline_dag.py:67} INFO - Stock data successfully stored in Postgres ✅
[2025-09-08T05:02:44.352+0000] {python.py:237} INFO - Done. Returned value was: None
[2025-09-08T05:02:44.355+0000] {taskinstance.py:441} INFO - ::group::Post task execution logs
[2025-09-08T05:02:44.375+0000] {taskinstance.py:1206} INFO - Marking task as SUCCESS. dag_id=stock_data_pipeline, task_id=fetch_and_store_task, run_id=scheduled__2025-09-08T04:55:00+00:00, execution_date=20250908T045500, start_date=20250908T050243, end_date=20250908T050244
[2025-09-08T05:02:44.461+0000] {local_task_job_runner.py:240} INFO - Task exited with return code 0
[2025-09-08T05:02:44.500+0000] {taskinstance.py:3503} INFO - 0 downstream tasks scheduled from follow-on schedule check
[2025-09-08T05:02:44.508+0000] {local_task_job_runner.py:222} INFO - ::endgroup::
