[2025-09-07T09:19:12.565+0000] {local_task_job_runner.py:120} INFO - ::group::Pre task execution logs
[2025-09-07T09:19:12.723+0000] {taskinstance.py:2076} INFO - Dependencies all met for dep_context=non-requeueable deps ti=<TaskInstance: stock_pipeline_dag.fetch_task scheduled__2025-09-07T08:00:00+00:00 [queued]>
[2025-09-07T09:19:12.748+0000] {taskinstance.py:2076} INFO - Dependencies all met for dep_context=requeueable deps ti=<TaskInstance: stock_pipeline_dag.fetch_task scheduled__2025-09-07T08:00:00+00:00 [queued]>
[2025-09-07T09:19:12.750+0000] {taskinstance.py:2306} INFO - Starting attempt 1 of 2
[2025-09-07T09:19:12.792+0000] {taskinstance.py:2330} INFO - Executing <Task(PythonOperator): fetch_task> on 2025-09-07 08:00:00+00:00
[2025-09-07T09:19:12.801+0000] {standard_task_runner.py:63} INFO - Started process 916 to run task
[2025-09-07T09:19:12.810+0000] {standard_task_runner.py:90} INFO - Running: ['***', 'tasks', 'run', 'stock_pipeline_dag', 'fetch_task', 'scheduled__2025-09-07T08:00:00+00:00', '--job-id', '3', '--raw', '--subdir', 'DAGS_FOLDER/stock_pipeline_dag.py', '--cfg-path', '/tmp/tmphoxwwzgu']
[2025-09-07T09:19:12.816+0000] {standard_task_runner.py:91} INFO - Job 3: Subtask fetch_task
[2025-09-07T09:19:12.867+0000] {logging_mixin.py:188} WARNING - /home/***/.local/lib/python3.11/site-packages/***/settings.py:195 DeprecationWarning: The sql_alchemy_conn option in [core] has been moved to the sql_alchemy_conn option in [database] - the old setting has been used, but please update your config.
[2025-09-07T09:19:12.961+0000] {task_command.py:426} INFO - Running <TaskInstance: stock_pipeline_dag.fetch_task scheduled__2025-09-07T08:00:00+00:00 [running]> on host a7acc1f07525
[2025-09-07T09:19:14.304+0000] {taskinstance.py:2648} INFO - Exporting env vars: AIRFLOW_CTX_DAG_OWNER='***' AIRFLOW_CTX_DAG_ID='stock_pipeline_dag' AIRFLOW_CTX_TASK_ID='fetch_task' AIRFLOW_CTX_EXECUTION_DATE='2025-09-07T08:00:00+00:00' AIRFLOW_CTX_TRY_NUMBER='1' AIRFLOW_CTX_DAG_RUN_ID='scheduled__2025-09-07T08:00:00+00:00'
[2025-09-07T09:19:14.306+0000] {taskinstance.py:430} INFO - ::endgroup::
[2025-09-07T09:19:15.256+0000] {logging_mixin.py:188} INFO - No data returned for IBM
[2025-09-07T09:19:16.488+0000] {logging_mixin.py:188} INFO - No data returned for MSFT
[2025-09-07T09:19:16.991+0000] {logging_mixin.py:188} INFO - No data returned for AAPL
[2025-09-07T09:19:17.063+0000] {python.py:237} INFO - Done. Returned value was: None
[2025-09-07T09:19:17.071+0000] {taskinstance.py:441} INFO - ::group::Post task execution logs
[2025-09-07T09:19:17.114+0000] {taskinstance.py:1206} INFO - Marking task as SUCCESS. dag_id=stock_pipeline_dag, task_id=fetch_task, run_id=scheduled__2025-09-07T08:00:00+00:00, execution_date=20250907T080000, start_date=20250907T091912, end_date=20250907T091917
[2025-09-07T09:19:17.226+0000] {local_task_job_runner.py:240} INFO - Task exited with return code 0
[2025-09-07T09:19:17.321+0000] {taskinstance.py:3503} INFO - 1 downstream tasks scheduled from follow-on schedule check
[2025-09-07T09:19:17.331+0000] {local_task_job_runner.py:222} INFO - ::endgroup::
