[2025-09-07T11:26:23.415+0000] {local_task_job_runner.py:120} INFO - ::group::Pre task execution logs
[2025-09-07T11:26:23.535+0000] {taskinstance.py:2076} INFO - Dependencies all met for dep_context=non-requeueable deps ti=<TaskInstance: stock_pipeline_dag.fetch_task scheduled__2025-09-07T10:00:00+00:00 [queued]>
[2025-09-07T11:26:23.572+0000] {taskinstance.py:2076} INFO - Dependencies all met for dep_context=requeueable deps ti=<TaskInstance: stock_pipeline_dag.fetch_task scheduled__2025-09-07T10:00:00+00:00 [queued]>
[2025-09-07T11:26:23.574+0000] {taskinstance.py:2306} INFO - Starting attempt 1 of 2
[2025-09-07T11:26:23.658+0000] {taskinstance.py:2330} INFO - Executing <Task(PythonOperator): fetch_task> on 2025-09-07 10:00:00+00:00
[2025-09-07T11:26:23.673+0000] {standard_task_runner.py:63} INFO - Started process 180 to run task
[2025-09-07T11:26:23.693+0000] {standard_task_runner.py:90} INFO - Running: ['***', 'tasks', 'run', 'stock_pipeline_dag', 'fetch_task', 'scheduled__2025-09-07T10:00:00+00:00', '--job-id', '2', '--raw', '--subdir', 'DAGS_FOLDER/stock_pipeline_dag.py', '--cfg-path', '/tmp/tmpbasgmbgg']
[2025-09-07T11:26:23.707+0000] {standard_task_runner.py:91} INFO - Job 2: Subtask fetch_task
[2025-09-07T11:26:23.890+0000] {task_command.py:426} INFO - Running <TaskInstance: stock_pipeline_dag.fetch_task scheduled__2025-09-07T10:00:00+00:00 [running]> on host ed878085dde8
[2025-09-07T11:26:24.658+0000] {taskinstance.py:2648} INFO - Exporting env vars: AIRFLOW_CTX_DAG_OWNER='***' AIRFLOW_CTX_DAG_ID='stock_pipeline_dag' AIRFLOW_CTX_TASK_ID='fetch_task' AIRFLOW_CTX_EXECUTION_DATE='2025-09-07T10:00:00+00:00' AIRFLOW_CTX_TRY_NUMBER='1' AIRFLOW_CTX_DAG_RUN_ID='scheduled__2025-09-07T10:00:00+00:00'
[2025-09-07T11:26:24.661+0000] {taskinstance.py:430} INFO - ::endgroup::
[2025-09-07T11:26:26.480+0000] {logging_mixin.py:188} INFO - Fetched IBM: 100 entries
[2025-09-07T11:26:27.938+0000] {logging_mixin.py:188} INFO - Fetched MSFT: 100 entries
[2025-09-07T11:26:28.840+0000] {logging_mixin.py:188} INFO - Fetched AAPL: 100 entries
[2025-09-07T11:26:28.905+0000] {python.py:237} INFO - Done. Returned value was: None
[2025-09-07T11:26:28.909+0000] {taskinstance.py:441} INFO - ::group::Post task execution logs
[2025-09-07T11:26:28.943+0000] {taskinstance.py:1206} INFO - Marking task as SUCCESS. dag_id=stock_pipeline_dag, task_id=fetch_task, run_id=scheduled__2025-09-07T10:00:00+00:00, execution_date=20250907T100000, start_date=20250907T112623, end_date=20250907T112628
[2025-09-07T11:26:29.020+0000] {local_task_job_runner.py:240} INFO - Task exited with return code 0
[2025-09-07T11:26:29.105+0000] {taskinstance.py:3503} INFO - 1 downstream tasks scheduled from follow-on schedule check
[2025-09-07T11:26:29.117+0000] {local_task_job_runner.py:222} INFO - ::endgroup::
