[2025-09-07T09:19:50.282+0000] {local_task_job_runner.py:120} INFO - ::group::Pre task execution logs
[2025-09-07T09:19:50.347+0000] {taskinstance.py:2076} INFO - Dependencies all met for dep_context=non-requeueable deps ti=<TaskInstance: stock_pipeline_dag.fetch_task __airflow_temporary_run_2025-09-07T09:19:47.792702+00:00__ [queued]>
[2025-09-07T09:19:50.366+0000] {taskinstance.py:2076} INFO - Dependencies all met for dep_context=requeueable deps ti=<TaskInstance: stock_pipeline_dag.fetch_task __airflow_temporary_run_2025-09-07T09:19:47.792702+00:00__ [queued]>
[2025-09-07T09:19:50.368+0000] {taskinstance.py:2306} INFO - Starting attempt 1 of 2
[2025-09-07T09:19:50.403+0000] {taskinstance.py:2330} INFO - Executing <Task(PythonOperator): fetch_task> on 2025-09-07 00:00:00+00:00
[2025-09-07T09:19:50.414+0000] {standard_task_runner.py:63} INFO - Started process 935 to run task
[2025-09-07T09:19:50.423+0000] {standard_task_runner.py:90} INFO - Running: ['***', 'tasks', 'run', 'stock_pipeline_dag', 'fetch_task', '__***_temporary_run_2025-09-07T09:19:47.792702+00:00__', '--job-id', '9', '--raw', '--subdir', 'DAGS_FOLDER/stock_pipeline_dag.py', '--cfg-path', '/tmp/tmpz7b8qdif']
[2025-09-07T09:19:50.430+0000] {standard_task_runner.py:91} INFO - Job 9: Subtask fetch_task
[2025-09-07T09:19:50.473+0000] {logging_mixin.py:188} WARNING - /home/***/.local/lib/python3.11/site-packages/***/settings.py:195 DeprecationWarning: The sql_alchemy_conn option in [core] has been moved to the sql_alchemy_conn option in [database] - the old setting has been used, but please update your config.
[2025-09-07T09:19:50.564+0000] {task_command.py:426} INFO - Running <TaskInstance: stock_pipeline_dag.fetch_task __airflow_temporary_run_2025-09-07T09:19:47.792702+00:00__ [running]> on host a7acc1f07525
[2025-09-07T09:19:50.991+0000] {taskinstance.py:2648} INFO - Exporting env vars: AIRFLOW_CTX_DAG_OWNER='***' AIRFLOW_CTX_DAG_ID='stock_pipeline_dag' AIRFLOW_CTX_TASK_ID='fetch_task' AIRFLOW_CTX_EXECUTION_DATE='2025-09-07T00:00:00+00:00' AIRFLOW_CTX_TRY_NUMBER='1' AIRFLOW_CTX_DAG_RUN_ID='__***_temporary_run_2025-09-07T09:19:47.792702+00:00__'
[2025-09-07T09:19:50.993+0000] {taskinstance.py:430} INFO - ::endgroup::
[2025-09-07T09:19:51.718+0000] {logging_mixin.py:188} INFO - No data returned for IBM
[2025-09-07T09:19:52.436+0000] {logging_mixin.py:188} INFO - No data returned for MSFT
[2025-09-07T09:19:54.068+0000] {logging_mixin.py:188} INFO - No data returned for AAPL
[2025-09-07T09:19:54.122+0000] {python.py:237} INFO - Done. Returned value was: None
[2025-09-07T09:19:54.127+0000] {taskinstance.py:441} INFO - ::group::Post task execution logs
[2025-09-07T09:19:54.158+0000] {taskinstance.py:1206} INFO - Marking task as SUCCESS. dag_id=stock_pipeline_dag, task_id=fetch_task, run_id=__***_temporary_run_2025-09-07T09:19:47.792702+00:00__, execution_date=20250907T000000, start_date=20250907T091950, end_date=20250907T091954
[2025-09-07T09:19:54.274+0000] {local_task_job_runner.py:240} INFO - Task exited with return code 0
[2025-09-07T09:19:54.362+0000] {taskinstance.py:3503} INFO - 1 downstream tasks scheduled from follow-on schedule check
[2025-09-07T09:19:54.376+0000] {local_task_job_runner.py:222} INFO - ::endgroup::
