[2025-09-08T06:32:46.988+0000] {local_task_job_runner.py:120} INFO - ::group::Pre task execution logs
[2025-09-08T06:32:47.134+0000] {taskinstance.py:2076} INFO - Dependencies all met for dep_context=non-requeueable deps ti=<TaskInstance: stock_data_pipeline.fetch_and_store_task scheduled__2025-09-08T05:00:00+00:00 [queued]>
[2025-09-08T06:32:47.170+0000] {taskinstance.py:2076} INFO - Dependencies all met for dep_context=requeueable deps ti=<TaskInstance: stock_data_pipeline.fetch_and_store_task scheduled__2025-09-08T05:00:00+00:00 [queued]>
[2025-09-08T06:32:47.173+0000] {taskinstance.py:2306} INFO - Starting attempt 2 of 3
[2025-09-08T06:32:47.234+0000] {taskinstance.py:2330} INFO - Executing <Task(PythonOperator): fetch_and_store_task> on 2025-09-08 05:00:00+00:00
[2025-09-08T06:32:47.249+0000] {standard_task_runner.py:63} INFO - Started process 327 to run task
[2025-09-08T06:32:47.261+0000] {standard_task_runner.py:90} INFO - Running: ['***', 'tasks', 'run', 'stock_data_pipeline', 'fetch_and_store_task', 'scheduled__2025-09-08T05:00:00+00:00', '--job-id', '3', '--raw', '--subdir', 'DAGS_FOLDER/stock_pipeline_dag.py', '--cfg-path', '/tmp/tmpt_xdgqem']
[2025-09-08T06:32:47.275+0000] {standard_task_runner.py:91} INFO - Job 3: Subtask fetch_and_store_task
[2025-09-08T06:32:47.510+0000] {task_command.py:426} INFO - Running <TaskInstance: stock_data_pipeline.fetch_and_store_task scheduled__2025-09-08T05:00:00+00:00 [running]> on host 3dd97eb099b0
[2025-09-08T06:32:48.289+0000] {taskinstance.py:2648} INFO - Exporting env vars: AIRFLOW_CTX_DAG_OWNER='***' AIRFLOW_CTX_DAG_ID='stock_data_pipeline' AIRFLOW_CTX_TASK_ID='fetch_and_store_task' AIRFLOW_CTX_EXECUTION_DATE='2025-09-08T05:00:00+00:00' AIRFLOW_CTX_TRY_NUMBER='2' AIRFLOW_CTX_DAG_RUN_ID='scheduled__2025-09-08T05:00:00+00:00'
[2025-09-08T06:32:48.292+0000] {taskinstance.py:430} INFO - ::endgroup::
[2025-09-08T06:32:48.319+0000] {stock_pipeline_dag.py:15} INFO - Fetching stock data from API...
[2025-09-08T06:32:48.335+0000] {stock_pipeline_dag.py:21} INFO - Connecting to Postgres...
[2025-09-08T06:32:48.342+0000] {stock_pipeline_dag.py:70} ERROR - Error in fetch_and_store: connection to server at "postgres" (172.18.0.2), port 5432 failed: FATAL:  database "stocks" does not exist

[2025-09-08T06:32:48.344+0000] {taskinstance.py:441} INFO - ::group::Post task execution logs
[2025-09-08T06:32:48.346+0000] {taskinstance.py:2905} ERROR - Task failed with exception
Traceback (most recent call last):
  File "/home/airflow/.local/lib/python3.11/site-packages/airflow/models/taskinstance.py", line 465, in _execute_task
    result = _execute_callable(context=context, **execute_callable_kwargs)
             ^^^^^^^^^^^^^^^^^^^^^^^^^^^^^^^^^^^^^^^^^^^^^^^^^^^^^^^^^^^^^
  File "/home/airflow/.local/lib/python3.11/site-packages/airflow/models/taskinstance.py", line 432, in _execute_callable
    return execute_callable(context=context, **execute_callable_kwargs)
           ^^^^^^^^^^^^^^^^^^^^^^^^^^^^^^^^^^^^^^^^^^^^^^^^^^^^^^^^^^^^
  File "/home/airflow/.local/lib/python3.11/site-packages/airflow/models/baseoperator.py", line 401, in wrapper
    return func(self, *args, **kwargs)
           ^^^^^^^^^^^^^^^^^^^^^^^^^^^
  File "/home/airflow/.local/lib/python3.11/site-packages/airflow/operators/python.py", line 235, in execute
    return_value = self.execute_callable()
                   ^^^^^^^^^^^^^^^^^^^^^^^
  File "/home/airflow/.local/lib/python3.11/site-packages/airflow/operators/python.py", line 252, in execute_callable
    return self.python_callable(*self.op_args, **self.op_kwargs)
           ^^^^^^^^^^^^^^^^^^^^^^^^^^^^^^^^^^^^^^^^^^^^^^^^^^^^^
  File "/opt/airflow/dags/stock_pipeline_dag.py", line 22, in fetch_and_store
    conn = psycopg2.connect(
           ^^^^^^^^^^^^^^^^^
  File "/home/airflow/.local/lib/python3.11/site-packages/psycopg2/__init__.py", line 122, in connect
    conn = _connect(dsn, connection_factory=connection_factory, **kwasync)
           ^^^^^^^^^^^^^^^^^^^^^^^^^^^^^^^^^^^^^^^^^^^^^^^^^^^^^^^^^^^^^^^
psycopg2.OperationalError: connection to server at "postgres" (172.18.0.2), port 5432 failed: FATAL:  database "stocks" does not exist

[2025-09-08T06:32:48.376+0000] {taskinstance.py:1206} INFO - Marking task as UP_FOR_RETRY. dag_id=stock_data_pipeline, task_id=fetch_and_store_task, run_id=scheduled__2025-09-08T05:00:00+00:00, execution_date=20250908T050000, start_date=20250908T063247, end_date=20250908T063248
[2025-09-08T06:32:48.406+0000] {standard_task_runner.py:110} ERROR - Failed to execute job 3 for task fetch_and_store_task (connection to server at "postgres" (172.18.0.2), port 5432 failed: FATAL:  database "stocks" does not exist
; 327)
[2025-09-08T06:32:48.450+0000] {local_task_job_runner.py:240} INFO - Task exited with return code 1
[2025-09-08T06:32:48.501+0000] {taskinstance.py:3503} INFO - 0 downstream tasks scheduled from follow-on schedule check
[2025-09-08T06:32:48.513+0000] {local_task_job_runner.py:222} INFO - ::endgroup::
