[2025-09-08T02:20:00.899+0000] {local_task_job_runner.py:120} INFO - ::group::Pre task execution logs
[2025-09-08T02:20:00.971+0000] {taskinstance.py:2076} INFO - Dependencies all met for dep_context=non-requeueable deps ti=<TaskInstance: stock_data_pipeline.fetch_and_store_task scheduled__2025-09-08T02:15:00+00:00 [queued]>
[2025-09-08T02:20:00.990+0000] {taskinstance.py:2076} INFO - Dependencies all met for dep_context=requeueable deps ti=<TaskInstance: stock_data_pipeline.fetch_and_store_task scheduled__2025-09-08T02:15:00+00:00 [queued]>
[2025-09-08T02:20:00.991+0000] {taskinstance.py:2306} INFO - Starting attempt 1 of 3
[2025-09-08T02:20:01.023+0000] {taskinstance.py:2330} INFO - Executing <Task(PythonOperator): fetch_and_store_task> on 2025-09-08 02:15:00+00:00
[2025-09-08T02:20:01.031+0000] {standard_task_runner.py:63} INFO - Started process 311 to run task
[2025-09-08T02:20:01.038+0000] {standard_task_runner.py:90} INFO - Running: ['***', 'tasks', 'run', 'stock_data_pipeline', 'fetch_and_store_task', 'scheduled__2025-09-08T02:15:00+00:00', '--job-id', '5', '--raw', '--subdir', 'DAGS_FOLDER/stock_pipeline_dag.py', '--cfg-path', '/tmp/tmpebz6t9pt']
[2025-09-08T02:20:01.046+0000] {standard_task_runner.py:91} INFO - Job 5: Subtask fetch_and_store_task
[2025-09-08T02:20:01.173+0000] {task_command.py:426} INFO - Running <TaskInstance: stock_data_pipeline.fetch_and_store_task scheduled__2025-09-08T02:15:00+00:00 [running]> on host 1a01c4cf329c
[2025-09-08T02:20:01.725+0000] {taskinstance.py:2648} INFO - Exporting env vars: AIRFLOW_CTX_DAG_OWNER='***' AIRFLOW_CTX_DAG_ID='stock_data_pipeline' AIRFLOW_CTX_TASK_ID='fetch_and_store_task' AIRFLOW_CTX_EXECUTION_DATE='2025-09-08T02:15:00+00:00' AIRFLOW_CTX_TRY_NUMBER='1' AIRFLOW_CTX_DAG_RUN_ID='scheduled__2025-09-08T02:15:00+00:00'
[2025-09-08T02:20:01.727+0000] {taskinstance.py:430} INFO - ::endgroup::
[2025-09-08T02:20:02.629+0000] {logging_mixin.py:188} INFO - Inserted 100 rows for IBM
[2025-09-08T02:20:02.633+0000] {python.py:237} INFO - Done. Returned value was: None
[2025-09-08T02:20:02.635+0000] {taskinstance.py:441} INFO - ::group::Post task execution logs
[2025-09-08T02:20:02.650+0000] {taskinstance.py:1206} INFO - Marking task as SUCCESS. dag_id=stock_data_pipeline, task_id=fetch_and_store_task, run_id=scheduled__2025-09-08T02:15:00+00:00, execution_date=20250908T021500, start_date=20250908T022000, end_date=20250908T022002
[2025-09-08T02:20:02.702+0000] {local_task_job_runner.py:240} INFO - Task exited with return code 0
[2025-09-08T02:20:02.724+0000] {taskinstance.py:3503} INFO - 0 downstream tasks scheduled from follow-on schedule check
[2025-09-08T02:20:02.730+0000] {local_task_job_runner.py:222} INFO - ::endgroup::
[2025-09-08T02:23:22.270+0000] {local_task_job_runner.py:120} INFO - ::group::Pre task execution logs
[2025-09-08T02:23:22.416+0000] {taskinstance.py:2076} INFO - Dependencies all met for dep_context=non-requeueable deps ti=<TaskInstance: stock_data_pipeline.fetch_and_store_task scheduled__2025-09-08T02:15:00+00:00 [queued]>
[2025-09-08T02:23:22.449+0000] {taskinstance.py:2076} INFO - Dependencies all met for dep_context=requeueable deps ti=<TaskInstance: stock_data_pipeline.fetch_and_store_task scheduled__2025-09-08T02:15:00+00:00 [queued]>
[2025-09-08T02:23:22.452+0000] {taskinstance.py:2306} INFO - Starting attempt 1 of 3
[2025-09-08T02:23:22.510+0000] {taskinstance.py:2330} INFO - Executing <Task(PythonOperator): fetch_and_store_task> on 2025-09-08 02:15:00+00:00
[2025-09-08T02:23:22.529+0000] {standard_task_runner.py:63} INFO - Started process 185 to run task
[2025-09-08T02:23:22.537+0000] {standard_task_runner.py:90} INFO - Running: ['***', 'tasks', 'run', 'stock_data_pipeline', 'fetch_and_store_task', 'scheduled__2025-09-08T02:15:00+00:00', '--job-id', '2', '--raw', '--subdir', 'DAGS_FOLDER/stock_pipeline_dag.py', '--cfg-path', '/tmp/tmp92uohxt0']
[2025-09-08T02:23:22.542+0000] {standard_task_runner.py:91} INFO - Job 2: Subtask fetch_and_store_task
[2025-09-08T02:23:22.668+0000] {task_command.py:426} INFO - Running <TaskInstance: stock_data_pipeline.fetch_and_store_task scheduled__2025-09-08T02:15:00+00:00 [running]> on host f11c00780062
[2025-09-08T02:23:23.210+0000] {taskinstance.py:2648} INFO - Exporting env vars: AIRFLOW_CTX_DAG_OWNER='***' AIRFLOW_CTX_DAG_ID='stock_data_pipeline' AIRFLOW_CTX_TASK_ID='fetch_and_store_task' AIRFLOW_CTX_EXECUTION_DATE='2025-09-08T02:15:00+00:00' AIRFLOW_CTX_TRY_NUMBER='1' AIRFLOW_CTX_DAG_RUN_ID='scheduled__2025-09-08T02:15:00+00:00'
[2025-09-08T02:23:23.213+0000] {taskinstance.py:430} INFO - ::endgroup::
[2025-09-08T02:23:24.804+0000] {logging_mixin.py:188} INFO - Inserted 100 rows for IBM
[2025-09-08T02:23:24.810+0000] {python.py:237} INFO - Done. Returned value was: None
[2025-09-08T02:23:24.814+0000] {taskinstance.py:441} INFO - ::group::Post task execution logs
[2025-09-08T02:23:24.844+0000] {taskinstance.py:1206} INFO - Marking task as SUCCESS. dag_id=stock_data_pipeline, task_id=fetch_and_store_task, run_id=scheduled__2025-09-08T02:15:00+00:00, execution_date=20250908T021500, start_date=20250908T022322, end_date=20250908T022324
[2025-09-08T02:23:24.928+0000] {local_task_job_runner.py:240} INFO - Task exited with return code 0
[2025-09-08T02:23:24.959+0000] {taskinstance.py:3503} INFO - 0 downstream tasks scheduled from follow-on schedule check
[2025-09-08T02:23:24.967+0000] {local_task_job_runner.py:222} INFO - ::endgroup::
